<testsuites name="results">
  <testsuite name="all" package="all">
    <property name="random_seed" value="1770941337" />
    <testcase name="test_project" classname="test_silly1" file="/foss/designs/Tiny_Tapeout_Submissions/silly/ttihp_submission/test/test_silly1.py" lineno="9" time="0.016928672790527344" sim_time_ns="3680000.001" ratio_time="217382664.6976833" />
  </testsuite>
</testsuites>
